============================================================
GİB LOGIN TEST - GERÇEK CREDENTIALS
============================================================

1. Captcha alınıyor...
Captcha CID: 5b0b26d2-726b-435d-9f07-befc160fef15

2. Captcha çözülüyor...
Captcha gönderiliyor...
TypeError: fetch failed
    at node:internal/deps/undici/undici:15845:13
    at process.processTicksAndRejections (node:internal/process/task_queues:103:5)
    at async solve2Captcha (C:\Users\msafa\Desktop\smmm_asistan\scripts\test-gib-real.ts:33:21)
    at async main (C:\Users\msafa\Desktop\smmm_asistan\scripts\test-gib-real.ts:95:20) {
  [cause]: ConnectTimeoutError: Connect Timeout Error (attempted address: 2captcha.com:443, timeout: 10000ms)
      at onConnectTimeout (node:internal/deps/undici/undici:1690:23)
      at Immediate._onImmediate (node:internal/deps/undici/undici:1656:35)
      at process.processImmediate (node:internal/timers:504:21) {
    code: 'UND_ERR_CONNECT_TIMEOUT'
  }
}
